// Jest Snapshot v1, https://goo.gl/fbAQLP

exports[`<NotFoundPage /> Render must match async 1`] = `null`;

exports[`<NotFoundPage /> Render must match regular 1`] = `
<div
  className="alert"
>
  <div
    className="flash-messages"
  >
    <div
      className="flash flash-error"
    >
      <mock-file
        aria-hidden="true"
        aria-label={null}
        className="mr-2"
        height={16}
        role="img"
        style={
          Object {
            "display": "inline-block",
            "fill": "currentColor",
            "userSelect": "none",
            "verticalAlign": "text-bottom",
          }
        }
        viewBox="0 0 16 16"
        width={16}
      />
      No match for route. Return to 
      <div>
        some link
      </div>
    </div>
  </div>
</div>
`;
